[amoghhealthcare.fun/index.html]
[backblue.gif]
[fade.gif]
[index.html]
[amoghhealthcare.fun/images/favicon.html]
[amoghhealthcare.fun/assets/css/bootstrap.min.css]
[amoghhealthcare.fun/www.google.com/recaptcha/api.js]
[amoghhealthcare.fun/assets/css/font-awesome.min.css]
[amoghhealthcare.fun/style.css]
[amoghhealthcare.fun/assets/css/icomoon.css]
[amoghhealthcare.fun/assets/images/call-now-button.png]
[amoghhealthcare.fun/assets/images/order-now-button.png]
[amoghhealthcare.fun/index-2.html]
[amoghhealthcare.fun/assets/images/call-now(1).png]
[amoghhealthcare.fun/assets/images/brand1.png]
[amoghhealthcare.fun/assets/images/brand2.png]
[amoghhealthcare.fun/assets/images/brand3.png]
[amoghhealthcare.fun/assets/images/brand4.png]
[amoghhealthcare.fun/assets/images/banner4.jpg]
[amoghhealthcare.fun/images/cap.png]
[amoghhealthcare.fun/images/oil.png]
[amoghhealthcare.fun/assets/images/off.png]
[amoghhealthcare.fun/assets/images/offer.png]
[amoghhealthcare.fun/assets/images/call.png]
[amoghhealthcare.fun/assets/images/banner3.jpg]
[amoghhealthcare.fun/assets/images/quick.png]
[amoghhealthcare.fun/assets/images/repeat.png]
[amoghhealthcare.fun/assets/images/drop.png]
[amoghhealthcare.fun/assets/images/increment.png]
[amoghhealthcare.fun/assets/images/good-lover.jpg]
[amoghhealthcare.fun/assets/images/button-call-us-now.png]
[amoghhealthcare.fun/assets/images/tick-icon.png]
[amoghhealthcare.fun/assets/images/1.gif]
[amoghhealthcare.fun/assets/images/2.gif]
[amoghhealthcare.fun/assets/images/3.gif]
[amoghhealthcare.fun/assets/images/girl.png]
[amoghhealthcare.fun/assets/images/vagina.png]
[amoghhealthcare.fun/assets/images/fire.png]
[amoghhealthcare.fun/assets/images/best-couple.png]
[amoghhealthcare.fun/assets/images/testimonial1.jpg]
[amoghhealthcare.fun/assets/images/testimonial2.jpg]
[amoghhealthcare.fun/assets/images/testimonial3.jpg]
[amoghhealthcare.fun/assets/images/testimonial4.jpg]
[amoghhealthcare.fun/assets/images/footer-product.png]
[amoghhealthcare.fun/assets/images/cart.png]
[amoghhealthcare.fun/assets/js/jquery.1.11.3.min.js]
[amoghhealthcare.fun/assets/js/bootstrap.min.js]
[amoghhealthcare.fun/assets/js/owlcarousel/owl.carousel.css]
[amoghhealthcare.fun/index.html]
[amoghhealthcare.fun/assets/js/owlcarousel/owl.carousel.js]
[amoghhealthcare.fun/images/favicon.html]
[amoghhealthcare.fun/assets/fonts/glyphicons-halflings-regular.eot]
[amoghhealthcare.fun/assets/fonts/glyphicons-halflings-regulard41dd41d.eot]
[amoghhealthcare.fun/assets/fonts/glyphicons-halflings-regular.woff2]
[amoghhealthcare.fun/assets/fonts/glyphicons-halflings-regular.woff]
[amoghhealthcare.fun/assets/fonts/glyphicons-halflings-regular.ttf]
[amoghhealthcare.fun/assets/fonts/glyphicons-halflings-regular.svg]
[amoghhealthcare.fun/assets/css/bootstrap.min.css]
[amoghhealthcare.fun/www.google.com/recaptcha/api.html]
[amoghhealthcare.fun/assets/fonts/fontawesome-webfont93e393e3.eot]
[amoghhealthcare.fun/assets/fonts/fontawesome-webfontd41dd41d.eot]
[amoghhealthcare.fun/assets/fonts/fontawesome-webfont93e393e3.woff2]
[amoghhealthcare.fun/assets/fonts/fontawesome-webfont93e393e3.woff]
[amoghhealthcare.fun/assets/fonts/fontawesome-webfont93e393e3.ttf]
[amoghhealthcare.fun/assets/css/font-awesome.min.css]
[amoghhealthcare.fun/assets/fonts/fontawesome-webfont93e393e3.svg]
[amoghhealthcare.fun/assets/fonts/icomoon/icomoonb103b103.eot]
[amoghhealthcare.fun/assets/fonts/icomoon/icomoonb103b103.ttf]
[amoghhealthcare.fun/assets/fonts/icomoon/icomoonb103b103.woff]
[amoghhealthcare.fun/assets/css/icomoon.css]
[amoghhealthcare.fun/style.css]
[amoghhealthcare.fun/index-2.html]
[amoghhealthcare.fun/assets/fonts/icomoon/icomoonb103b103.svg]
[amoghhealthcare.fun/assets/js/jquery.1.11.3.min.js]
[amoghhealthcare.fun/Popover requires tooltip.3d.delayed]
[amoghhealthcare.fun/assets/js/bootstrap.min.js]
[amoghhealthcare.fun/assets/js/owlcarousel/owl.video.play.html]
[amoghhealthcare.fun/assets/js/owlcarousel/owl.carousel.css]
[amoghhealthcare.fun/assets/js/owlcarousel/owl.carousel.js]
[amoghhealthcare.fun/assets/fonts/glyphicons-halflings-regular.svg]
[amoghhealthcare.fun/assets/fonts/fontawesome-webfont93e393e3.svg]
[amoghhealthcare.fun/assets/fonts/icomoon/icomoonb103b103.svg]
[amoghhealthcare.fun/Popover requires tooltip.html]
[amoghhealthcare.fun/assets/js/owlcarousel/owl.video.play.html]
